./src/aux_functions.c:23: MAJOR:C-C1
./src/aux_functions.c:25: MAJOR:C-C1
./src/handling_errors.c:23: MAJOR:C-C1
./src/handling_matrix.c:31: MAJOR:C-C1
./src/handling_matrix.c:75: MAJOR:C-C1
./src/handling_matrix.c:77: MAJOR:C-C1
./src/handling_matrix.c:84: MAJOR:C-O3
./src/handling_matrix.c:99: MAJOR:C-O3
./src/incidence_angle.c:32: MAJOR:C-F4
./src/main.c:32: MAJOR:C-F4
./src/main.c:33: MAJOR:C-F4
./src/main.c:34: MAJOR:C-F4
./src/main.c:35: MAJOR:C-F4
./src/main.c:36: MAJOR:C-F4
./src/main.c:37: MAJOR:C-F4
./src/main.c:38: MAJOR:C-F4
./src/main.c:39: MAJOR:C-F4
./src/main.c:40: MAJOR:C-F4
./src/main.c:41: MAJOR:C-F4
./src/main.c:42: MAJOR:C-F4
./src/main.c:43: MAJOR:C-F4
./src/main.c:44: MAJOR:C-F4
./src/main.c:45: MAJOR:C-F4
./src/main.c:46: MAJOR:C-F4
./src/main.c:47: MAJOR:C-F4
./src/main.c:48: MAJOR:C-F4
./src/main.c:49: MAJOR:C-F4
./src/main.c:50: MAJOR:C-F4
./src/main.c:51: MAJOR:C-F4
./src/main.c:52: MAJOR:C-F4
./src/main.c:53: MAJOR:C-F4
./src/main.c:54: MAJOR:C-F4
